[
  100,
  500,
  300,
  200,
  400
]
[
  100,
  500,
  300,
  200,
  400
]
[
  {
    "age": 30,
    "car": null,
    "name": "John"
  }
]
[
  100,
  500,
  300,
  200,
  400
]
[
  100,
  500,
  300,
  200,
  400
]
[
  {
    "age": 30,
    "car": null,
    "name": "John"
  }
]
